---
source: src/cmd/display.rs
expression: buffer_to_string(terminal.backend().buffer())
---
┌ Keyboard Events ─────────────────────┐┌ MIDI Events ─────────────────────────┐
│#    Time  Key                Config J││#    Time  Port  Ch  Type    Details  │
│                                      ││                                      │
│                                      ││                                      │
│                                      ││                                      │
│                                      ││                                      │
│                                      ││                                      │
│                                      ││                                      │
│                                      ││                                      │
│                                      ││                                      │
│                                      ││                                      │
│                                      ││                                      │
│                                      ││                                      │
│                                      ││                                      │
│                                      ││                                      │
│                                      ││                                      │
│                                      ││                                      │
│                                      ││                                      │
└──────────────────────────────────────┘└──────────────────────────────────────┘
Ctrl+C: quit  Tab: switch pane  ↑↓: scroll  — Keyboard: 0  MIDI: 0
